#
# There is insufficient memory for the Java Runtime Environment to continue.
# Native memory allocation (mmap) failed to map 65536 bytes for Failed to commit metaspace.
# Possible reasons:
#   The system is out of physical RAM or swap space
#   The process is running with CompressedOops enabled, and the Java Heap may be blocking the growth of the native heap
# Possible solutions:
#   Reduce memory load on the system
#   Increase physical memory or swap space
#   Check if swap backing store is full
#   Decrease Java heap size (-Xmx/-Xms)
#   Decrease number of Java threads
#   Decrease Java thread stack sizes (-Xss)
#   Set larger code cache with -XX:ReservedCodeCacheSize=
#   JVM is running with Zero Based Compressed Oops mode in which the Java heap is
#     placed in the first 32GB address space. The Java Heap base address is the
#     maximum limit for the native heap growth. Please use -XX:HeapBaseMinAddress
#     to set the Java Heap base and to place the Java Heap above 32GB virtual address.
# This output file may be truncated or incomplete.
#
#  Out of Memory Error (virtualSpaceNode.cpp:110), pid=27832, tid=26100
#
# JRE version: Java(TM) SE Runtime Environment (17.0.10+11) (build 17.0.10+11-LTS-240)
# Java VM: Java HotSpot(TM) 64-Bit Server VM (17.0.10+11-LTS-240, mixed mode, emulated-client, sharing, tiered, compressed oops, compressed class ptrs, g1 gc, windows-amd64)
# No core dump will be written. Minidumps are not enabled by default on client versions of Windows
#

---------------  S U M M A R Y ------------

Command Line: -Dcom.sun.management.jmxremote -Dcom.sun.management.jmxremote.port=62031 -Dcom.sun.management.jmxremote.authenticate=false -Dcom.sun.management.jmxremote.ssl=false -Djava.rmi.server.hostname=localhost -Dspring.jmx.enabled=true -Dmanagement.endpoints.jmx.exposure.include=* -Dspring.application.admin.enabled=true -Dspring.output.ansi.enabled=always -XX:TieredStopAtLevel=1 -Dspring.boot.project.name=AurusDataSyncHub -Dfile.encoding=UTF-8 -Dstdout.encoding=UTF-8 -Dstderr.encoding=UTF-8 -XX:+ShowCodeDetailsInExceptionMessages com.auruspay.AurusDataSyncHubApplication

Host: 12th Gen Intel(R) Core(TM) i7-12650H, 16 cores, 31G,  Windows 11 , 64 bit Build 22621 (10.0.22621.5415)
Time: Tue Jun 16 19:43:39 2026 India Standard Time elapsed time: 0.609399 seconds (0d 0h 0m 0s)

---------------  T H R E A D  ---------------

Current thread (0x000001bfe9657a10):  JavaThread "restartedMain" [_thread_in_vm, id=26100, stack(0x0000007eb6f00000,0x0000007eb7000000)]

Stack: [0x0000007eb6f00000,0x0000007eb7000000]
Native frames: (J=compiled Java code, j=interpreted, Vv=VM code, C=native code)
V  [jvm.dll+0x677a5a]
V  [jvm.dll+0x7d8b2d]
V  [jvm.dll+0x7da48e]
V  [jvm.dll+0x7daaf3]
V  [jvm.dll+0x2455ff]
V  [jvm.dll+0x7d483b]
V  [jvm.dll+0x61dc06]
V  [jvm.dll+0x1bfa87]
V  [jvm.dll+0x620570]
V  [jvm.dll+0x61e5c6]
V  [jvm.dll+0x62f379]
V  [jvm.dll+0x628694]
V  [jvm.dll+0x37de61]
C  0x000001bf8a2cc27e

Java frames: (J=compiled Java code, j=interpreted, Vv=VM code)
j  org.springframework.boot.SpringApplication.handleExitCode(Lorg/springframework/context/ConfigurableApplicationContext;Ljava/lang/Throwable;)V+0
j  org.springframework.boot.SpringApplication.handleRunFailure(Lorg/springframework/context/ConfigurableApplicationContext;Ljava/lang/Throwable;Lorg/springframework/boot/SpringApplicationRunListeners;)Ljava/lang/RuntimeException;+19
j  org.springframework.boot.SpringApplication.run([Ljava/lang/String;)Lorg/springframework/context/ConfigurableApplicationContext;+183
j  org.springframework.boot.SpringApplication.run([Ljava/lang/Class;[Ljava/lang/String;)Lorg/springframework/context/ConfigurableApplicationContext;+9
j  org.springframework.boot.SpringApplication.run(Ljava/lang/Class;[Ljava/lang/String;)Lorg/springframework/context/ConfigurableApplicationContext;+9
j  com.auruspay.AurusDataSyncHubApplication.main([Ljava/lang/String;)V+3
v  ~StubRoutines::call_stub
j  jdk.internal.reflect.NativeMethodAccessorImpl.invoke0(Ljava/lang/reflect/Method;Ljava/lang/Object;[Ljava/lang/Object;)Ljava/lang/Object;+0 java.base@17.0.10
j  jdk.internal.reflect.NativeMethodAccessorImpl.invoke(Ljava/lang/Object;[Ljava/lang/Object;)Ljava/lang/Object;+133 java.base@17.0.10
j  jdk.internal.reflect.DelegatingMethodAccessorImpl.invoke(Ljava/lang/Object;[Ljava/lang/Object;)Ljava/lang/Object;+6 java.base@17.0.10
j  java.lang.reflect.Method.invoke(Ljava/lang/Object;[Ljava/lang/Object;)Ljava/lang/Object;+59 java.base@17.0.10
j  org.springframework.boot.devtools.restart.RestartLauncher.run()V+47
v  ~StubRoutines::call_stub

---------------  P R O C E S S  ---------------

Threads class SMR info:
_java_thread_list=0x000001bfe9c45470, length=24, elements={
0x000001bf82a1e0a0, 0x000001bfa09b48a0, 0x000001bfa09b8d50, 0x000001bfa09ce260,
0x000001bfa09cf200, 0x000001bfa09d1d80, 0x000001bfa09d4f10, 0x000001bfa09e0330,
0x000001bfa09e5c80, 0x000001bfa390f790, 0x000001bfa3919170, 0x000001bfa3919740,
0x000001bfa3919d10, 0x000001bfa3989920, 0x000001bfe9233dc0, 0x000001bfe9231b30,
0x000001bfe9299450, 0x000001bfe96cd830, 0x000001bfe9657a10, 0x000001bfe9b86930,
0x000001bfe9b87350, 0x000001bfe9b86420, 0x000001bfe9b87d70, 0x000001bfe9b891b0
}

Java Threads: ( => current thread )
  0x000001bf82a1e0a0 JavaThread "main" [_thread_blocked, id=4480, stack(0x0000007eb5600000,0x0000007eb5700000)]
  0x000001bfa09b48a0 JavaThread "Reference Handler" daemon [_thread_blocked, id=28500, stack(0x0000007eb5d00000,0x0000007eb5e00000)]
  0x000001bfa09b8d50 JavaThread "Finalizer" daemon [_thread_blocked, id=16844, stack(0x0000007eb5e00000,0x0000007eb5f00000)]
  0x000001bfa09ce260 JavaThread "Signal Dispatcher" daemon [_thread_blocked, id=24456, stack(0x0000007eb5f00000,0x0000007eb6000000)]
  0x000001bfa09cf200 JavaThread "Attach Listener" daemon [_thread_blocked, id=34692, stack(0x0000007eb6000000,0x0000007eb6100000)]
  0x000001bfa09d1d80 JavaThread "Service Thread" daemon [_thread_blocked, id=33340, stack(0x0000007eb6100000,0x0000007eb6200000)]
  0x000001bfa09d4f10 JavaThread "Monitor Deflation Thread" daemon [_thread_blocked, id=21040, stack(0x0000007eb6200000,0x0000007eb6300000)]
  0x000001bfa09e0330 JavaThread "C1 CompilerThread0" daemon [_thread_blocked, id=27780, stack(0x0000007eb6300000,0x0000007eb6400000)]
  0x000001bfa09e5c80 JavaThread "Sweeper thread" daemon [_thread_blocked, id=7892, stack(0x0000007eb6400000,0x0000007eb6500000)]
  0x000001bfa390f790 JavaThread "Common-Cleaner" daemon [_thread_blocked, id=21144, stack(0x0000007eb6500000,0x0000007eb6600000)]
  0x000001bfa3919170 JavaThread "C1 CompilerThread1" daemon [_thread_blocked, id=13660, stack(0x0000007eb6600000,0x0000007eb6700000)]
  0x000001bfa3919740 JavaThread "C1 CompilerThread2" daemon [_thread_blocked, id=31220, stack(0x0000007eb6700000,0x0000007eb6800000)]
  0x000001bfa3919d10 JavaThread "C1 CompilerThread3" daemon [_thread_blocked, id=11828, stack(0x0000007eb6800000,0x0000007eb6900000)]
  0x000001bfa3989920 JavaThread "Notification Thread" daemon [_thread_blocked, id=10364, stack(0x0000007eb6900000,0x0000007eb6a00000)]
  0x000001bfe9233dc0 JavaThread "RMI TCP Accept-0" daemon [_thread_in_native, id=33400, stack(0x0000007eb6a00000,0x0000007eb6b00000)]
  0x000001bfe9231b30 JavaThread "RMI TCP Accept-62031" daemon [_thread_in_native, id=12360, stack(0x0000007eb6b00000,0x0000007eb6c00000)]
  0x000001bfe9299450 JavaThread "RMI TCP Accept-0" daemon [_thread_in_native, id=24008, stack(0x0000007eb6c00000,0x0000007eb6d00000)]
  0x000001bfe96cd830 JavaThread "Thread-0" [_thread_blocked, id=31204, stack(0x0000007eb6e00000,0x0000007eb6f00000)]
=>0x000001bfe9657a10 JavaThread "restartedMain" [_thread_in_vm, id=26100, stack(0x0000007eb6f00000,0x0000007eb7000000)]
  0x000001bfe9b86930 JavaThread "RMI TCP Connection(1)-127.0.0.1" daemon [_thread_in_native, id=15532, stack(0x0000007eb7b00000,0x0000007eb7c00000)]
  0x000001bfe9b87350 JavaThread "RMI Scheduler(0)" daemon [_thread_blocked, id=19256, stack(0x0000007eb7c00000,0x0000007eb7d00000)]
  0x000001bfe9b86420 JavaThread "RMI TCP Connection(2)-127.0.0.1" daemon [_thread_in_native, id=7884, stack(0x0000007eb7d00000,0x0000007eb7e00000)]
  0x000001bfe9b87d70 JavaThread "JMX server connection timeout 33" daemon [_thread_blocked, id=25888, stack(0x0000007eb7e00000,0x0000007eb7f00000)]
  0x000001bfe9b891b0 JavaThread "background-preinit" [_thread_in_vm, id=28760, stack(0x0000007eb7f00000,0x0000007eb8000000)]

Other Threads:
  0x000001bfa09b0860 VMThread "VM Thread" [stack: 0x0000007eb5c00000,0x0000007eb5d00000] [id=22568]
  0x000001bfe9257600 WatcherThread [stack: 0x0000007eb6d00000,0x0000007eb6e00000] [id=22044]
  0x000001bf82aceaf0 GCTaskThread "GC Thread#0" [stack: 0x0000007eb5700000,0x0000007eb5800000] [id=22680]
  0x000001bfe96585c0 GCTaskThread "GC Thread#1" [stack: 0x0000007eb7000000,0x0000007eb7100000] [id=34140]
  0x000001bfe9658880 GCTaskThread "GC Thread#2" [stack: 0x0000007eb7100000,0x0000007eb7200000] [id=27992]
  0x000001bfe9658b40 GCTaskThread "GC Thread#3" [stack: 0x0000007eb7200000,0x0000007eb7300000] [id=29928]
  0x000001bfe9700040 GCTaskThread "GC Thread#4" [stack: 0x0000007eb7300000,0x0000007eb7400000] [id=27084]
  0x000001bfe9700300 GCTaskThread "GC Thread#5" [stack: 0x0000007eb7400000,0x0000007eb7500000] [id=26148]
  0x000001bfe97005c0 GCTaskThread "GC Thread#6" [stack: 0x0000007eb7500000,0x0000007eb7600000] [id=21668]
  0x000001bfe9701090 GCTaskThread "GC Thread#7" [stack: 0x0000007eb7600000,0x0000007eb7700000] [id=23956]
  0x000001bfe9701350 GCTaskThread "GC Thread#8" [stack: 0x0000007eb7700000,0x0000007eb7800000] [id=26788]
  0x000001bfe9704650 GCTaskThread "GC Thread#9" [stack: 0x0000007eb7800000,0x0000007eb7900000] [id=10892]
  0x000001bfe9723140 GCTaskThread "GC Thread#10" [stack: 0x0000007eb7900000,0x0000007eb7a00000] [id=17928]
  0x000001bfe9722900 GCTaskThread "GC Thread#11" [stack: 0x0000007eb7a00000,0x0000007eb7b00000] [id=25996]
  0x000001bfa0804010 ConcurrentGCThread "G1 Main Marker" [stack: 0x0000007eb5800000,0x0000007eb5900000] [id=31980]
  0x000001bfa0804a20 ConcurrentGCThread "G1 Conc#0" [stack: 0x0000007eb5900000,0x0000007eb5a00000] [id=33852]
  0x000001bfa08eff40 ConcurrentGCThread "G1 Refine#0" [stack: 0x0000007eb5a00000,0x0000007eb5b00000] [id=8508]
  0x000001bfa08f0970 ConcurrentGCThread "G1 Service" [stack: 0x0000007eb5b00000,0x0000007eb5c00000] [id=33524]

Threads with active compile tasks:

VM state: not at safepoint (normal execution)

VM Mutex/Monitor currently owned by a thread:  ([mutex/lock_event])
[0x000001bf82a18d40] Metaspace_lock - owner thread: 0x000001bfe9657a10

OutOfMemory and StackOverflow Exception counts:
OutOfMemoryError java_heap_errors=1
LinkageErrors=48

Heap address: 0x0000000603c00000, size: 8132 MB, Compressed Oops mode: Zero based, Oop shift amount: 3

CDS archive(s) mapped at: [0x000001bfa4000000-0x000001bfa4bd0000-0x000001bfa4bd0000), size 12386304, SharedBaseAddress: 0x000001bfa4000000, ArchiveRelocationMode: 1.
Compressed class space mapped at: 0x000001bfa5000000-0x000001bfe5000000, reserved size: 1073741824
Narrow klass base: 0x000001bfa4000000, Narrow klass shift: 0, Narrow klass range: 0x100000000

GC Precious Log:
 CPUs: 16 total, 16 available
 Memory: 32512M
 Large Page Support: Disabled
 NUMA Support: Disabled
 Compressed Oops: Enabled (Zero based)
 Heap Region Size: 4M
 Heap Min Capacity: 8M
 Heap Initial Capacity: 512M
 Heap Max Capacity: 8132M
 Pre-touch: Disabled
 Parallel Workers: 13
 Concurrent Workers: 3
 Concurrent Refinement Workers: 13
 Periodic GC: Disabled

Heap:
 garbage-first heap   total 524288K, used 11503K [0x0000000603c00000, 0x0000000800000000)
  region size 4096K, 3 young (12288K), 1 survivors (4096K)
 Metaspace       used 12384K, committed 12672K, reserved 1114112K
  class space    used 1707K, committed 1856K, reserved 1048576K

Heap Regions: E=young(eden), S=young(survivor), O=old, HS=humongous(starts), HC=humongous(continues), CS=collection set, F=free, OA=open archive, CA=closed archive, TAMS=top-at-mark-start (previous, next)
|   0|0x0000000603c00000, 0x0000000604000000, 0x0000000604000000|100%| O|  |TAMS 0x0000000603c00000, 0x0000000603c00000| Untracked 
|   1|0x0000000604000000, 0x0000000604179a00, 0x0000000604400000| 36%| O|  |TAMS 0x0000000604000000, 0x0000000604000000| Untracked 
|   2|0x0000000604400000, 0x0000000604400000, 0x0000000604800000|  0%| F|  |TAMS 0x0000000604400000, 0x0000000604400000| Untracked 
|   3|0x0000000604800000, 0x0000000604800000, 0x0000000604c00000|  0%| F|  |TAMS 0x0000000604800000, 0x0000000604800000| Untracked 
|   4|0x0000000604c00000, 0x0000000604c00000, 0x0000000605000000|  0%| F|  |TAMS 0x0000000604c00000, 0x0000000604c00000| Untracked 
|   5|0x0000000605000000, 0x0000000605000000, 0x0000000605400000|  0%| F|  |TAMS 0x0000000605000000, 0x0000000605000000| Untracked 
|   6|0x0000000605400000, 0x0000000605400000, 0x0000000605800000|  0%| F|  |TAMS 0x0000000605400000, 0x0000000605400000| Untracked 
|   7|0x0000000605800000, 0x0000000605800000, 0x0000000605c00000|  0%| F|  |TAMS 0x0000000605800000, 0x0000000605800000| Untracked 
|   8|0x0000000605c00000, 0x0000000605c00000, 0x0000000606000000|  0%| F|  |TAMS 0x0000000605c00000, 0x0000000605c00000| Untracked 
|   9|0x0000000606000000, 0x0000000606000000, 0x0000000606400000|  0%| F|  |TAMS 0x0000000606000000, 0x0000000606000000| Untracked 
|  10|0x0000000606400000, 0x0000000606400000, 0x0000000606800000|  0%| F|  |TAMS 0x0000000606400000, 0x0000000606400000| Untracked 
|  11|0x0000000606800000, 0x0000000606800000, 0x0000000606c00000|  0%| F|  |TAMS 0x0000000606800000, 0x0000000606800000| Untracked 
|  12|0x0000000606c00000, 0x0000000606c00000, 0x0000000607000000|  0%| F|  |TAMS 0x0000000606c00000, 0x0000000606c00000| Untracked 
|  13|0x0000000607000000, 0x0000000607000000, 0x0000000607400000|  0%| F|  |TAMS 0x0000000607000000, 0x0000000607000000| Untracked 
|  14|0x0000000607400000, 0x0000000607400000, 0x0000000607800000|  0%| F|  |TAMS 0x0000000607400000, 0x0000000607400000| Untracked 
|  15|0x0000000607800000, 0x0000000607800000, 0x0000000607c00000|  0%| F|  |TAMS 0x0000000607800000, 0x0000000607800000| Untracked 
|  16|0x0000000607c00000, 0x0000000607c00000, 0x0000000608000000|  0%| F|  |TAMS 0x0000000607c00000, 0x0000000607c00000| Untracked 
|  17|0x0000000608000000, 0x0000000608000000, 0x0000000608400000|  0%| F|  |TAMS 0x0000000608000000, 0x0000000608000000| Untracked 
|  18|0x0000000608400000, 0x0000000608400000, 0x0000000608800000|  0%| F|  |TAMS 0x0000000608400000, 0x0000000608400000| Untracked 
|  19|0x0000000608800000, 0x0000000608800000, 0x0000000608c00000|  0%| F|  |TAMS 0x0000000608800000, 0x0000000608800000| Untracked 
|  20|0x0000000608c00000, 0x0000000608c00000, 0x0000000609000000|  0%| F|  |TAMS 0x0000000608c00000, 0x0000000608c00000| Untracked 
|  21|0x0000000609000000, 0x0000000609000000, 0x0000000609400000|  0%| F|  |TAMS 0x0000000609000000, 0x0000000609000000| Untracked 
|  22|0x0000000609400000, 0x0000000609400000, 0x0000000609800000|  0%| F|  |TAMS 0x0000000609400000, 0x0000000609400000| Untracked 
|  23|0x0000000609800000, 0x0000000609800000, 0x0000000609c00000|  0%| F|  |TAMS 0x0000000609800000, 0x0000000609800000| Untracked 
|  24|0x0000000609c00000, 0x0000000609c00000, 0x000000060a000000|  0%| F|  |TAMS 0x0000000609c00000, 0x0000000609c00000| Untracked 
|  25|0x000000060a000000, 0x000000060a000000, 0x000000060a400000|  0%| F|  |TAMS 0x000000060a000000, 0x000000060a000000| Untracked 
|  26|0x000000060a400000, 0x000000060a400000, 0x000000060a800000|  0%| F|  |TAMS 0x000000060a400000, 0x000000060a400000| Untracked 
|  27|0x000000060a800000, 0x000000060a800000, 0x000000060ac00000|  0%| F|  |TAMS 0x000000060a800000, 0x000000060a800000| Untracked 
|  28|0x000000060ac00000, 0x000000060ac00000, 0x000000060b000000|  0%| F|  |TAMS 0x000000060ac00000, 0x000000060ac00000| Untracked 
|  29|0x000000060b000000, 0x000000060b000000, 0x000000060b400000|  0%| F|  |TAMS 0x000000060b000000, 0x000000060b000000| Untracked 
|  30|0x000000060b400000, 0x000000060b400000, 0x000000060b800000|  0%| F|  |TAMS 0x000000060b400000, 0x000000060b400000| Untracked 
|  31|0x000000060b800000, 0x000000060b800000, 0x000000060bc00000|  0%| F|  |TAMS 0x000000060b800000, 0x000000060b800000| Untracked 
|  32|0x000000060bc00000, 0x000000060bc00000, 0x000000060c000000|  0%| F|  |TAMS 0x000000060bc00000, 0x000000060bc00000| Untracked 
|  33|0x000000060c000000, 0x000000060c000000, 0x000000060c400000|  0%| F|  |TAMS 0x000000060c000000, 0x000000060c000000| Untracked 
|  34|0x000000060c400000, 0x000000060c400000, 0x000000060c800000|  0%| F|  |TAMS 0x000000060c400000, 0x000000060c400000| Untracked 
|  35|0x000000060c800000, 0x000000060c800000, 0x000000060cc00000|  0%| F|  |TAMS 0x000000060c800000, 0x000000060c800000| Untracked 
|  36|0x000000060cc00000, 0x000000060cc00000, 0x000000060d000000|  0%| F|  |TAMS 0x000000060cc00000, 0x000000060cc00000| Untracked 
|  37|0x000000060d000000, 0x000000060d000000, 0x000000060d400000|  0%| F|  |TAMS 0x000000060d000000, 0x000000060d000000| Untracked 
|  38|0x000000060d400000, 0x000000060d400000, 0x000000060d800000|  0%| F|  |TAMS 0x000000060d400000, 0x000000060d400000| Untracked 
|  39|0x000000060d800000, 0x000000060d800000, 0x000000060dc00000|  0%| F|  |TAMS 0x000000060d800000, 0x000000060d800000| Untracked 
|  40|0x000000060dc00000, 0x000000060dc00000, 0x000000060e000000|  0%| F|  |TAMS 0x000000060dc00000, 0x000000060dc00000| Untracked 
|  41|0x000000060e000000, 0x000000060e000000, 0x000000060e400000|  0%| F|  |TAMS 0x000000060e000000, 0x000000060e000000| Untracked 
|  42|0x000000060e400000, 0x000000060e400000, 0x000000060e800000|  0%| F|  |TAMS 0x000000060e400000, 0x000000060e400000| Untracked 
|  43|0x000000060e800000, 0x000000060e800000, 0x000000060ec00000|  0%| F|  |TAMS 0x000000060e800000, 0x000000060e800000| Untracked 
|  44|0x000000060ec00000, 0x000000060ec00000, 0x000000060f000000|  0%| F|  |TAMS 0x000000060ec00000, 0x000000060ec00000| Untracked 
|  45|0x000000060f000000, 0x000000060f000000, 0x000000060f400000|  0%| F|  |TAMS 0x000000060f000000, 0x000000060f000000| Untracked 
|  46|0x000000060f400000, 0x000000060f400000, 0x000000060f800000|  0%| F|  |TAMS 0x000000060f400000, 0x000000060f400000| Untracked 
|  47|0x000000060f800000, 0x000000060f800000, 0x000000060fc00000|  0%| F|  |TAMS 0x000000060f800000, 0x000000060f800000| Untracked 
|  48|0x000000060fc00000, 0x000000060fc00000, 0x0000000610000000|  0%| F|  |TAMS 0x000000060fc00000, 0x000000060fc00000| Untracked 
|  49|0x0000000610000000, 0x0000000610000000, 0x0000000610400000|  0%| F|  |TAMS 0x0000000610000000, 0x0000000610000000| Untracked 
|  50|0x0000000610400000, 0x0000000610400000, 0x0000000610800000|  0%| F|  |TAMS 0x0000000610400000, 0x0000000610400000| Untracked 
|  51|0x0000000610800000, 0x0000000610800000, 0x0000000610c00000|  0%| F|  |TAMS 0x0000000610800000, 0x0000000610800000| Untracked 
|  52|0x0000000610c00000, 0x0000000610c00000, 0x0000000611000000|  0%| F|  |TAMS 0x0000000610c00000, 0x0000000610c00000| Untracked 
|  53|0x0000000611000000, 0x0000000611000000, 0x0000000611400000|  0%| F|  |TAMS 0x0000000611000000, 0x0000000611000000| Untracked 
|  54|0x0000000611400000, 0x0000000611400000, 0x0000000611800000|  0%| F|  |TAMS 0x0000000611400000, 0x0000000611400000| Untracked 
|  55|0x0000000611800000, 0x0000000611800000, 0x0000000611c00000|  0%| F|  |TAMS 0x0000000611800000, 0x0000000611800000| Untracked 
|  56|0x0000000611c00000, 0x0000000611c00000, 0x0000000612000000|  0%| F|  |TAMS 0x0000000611c00000, 0x0000000611c00000| Untracked 
|  57|0x0000000612000000, 0x0000000612000000, 0x0000000612400000|  0%| F|  |TAMS 0x0000000612000000, 0x0000000612000000| Untracked 
|  58|0x0000000612400000, 0x0000000612400000, 0x0000000612800000|  0%| F|  |TAMS 0x0000000612400000, 0x0000000612400000| Untracked 
|  59|0x0000000612800000, 0x0000000612800000, 0x0000000612c00000|  0%| F|  |TAMS 0x0000000612800000, 0x0000000612800000| Untracked 
|  60|0x0000000612c00000, 0x0000000612c00000, 0x0000000613000000|  0%| F|  |TAMS 0x0000000612c00000, 0x0000000612c00000| Untracked 
|  61|0x0000000613000000, 0x0000000613000000, 0x0000000613400000|  0%| F|  |TAMS 0x0000000613000000, 0x0000000613000000| Untracked 
|  62|0x0000000613400000, 0x0000000613400000, 0x0000000613800000|  0%| F|  |TAMS 0x0000000613400000, 0x0000000613400000| Untracked 
|  63|0x0000000613800000, 0x0000000613800000, 0x0000000613c00000|  0%| F|  |TAMS 0x0000000613800000, 0x0000000613800000| Untracked 
|  64|0x0000000613c00000, 0x0000000613c00000, 0x0000000614000000|  0%| F|  |TAMS 0x0000000613c00000, 0x0000000613c00000| Untracked 
|  65|0x0000000614000000, 0x0000000614000000, 0x0000000614400000|  0%| F|  |TAMS 0x0000000614000000, 0x0000000614000000| Untracked 
|  66|0x0000000614400000, 0x0000000614400000, 0x0000000614800000|  0%| F|  |TAMS 0x0000000614400000, 0x0000000614400000| Untracked 
|  67|0x0000000614800000, 0x0000000614800000, 0x0000000614c00000|  0%| F|  |TAMS 0x0000000614800000, 0x0000000614800000| Untracked 
|  68|0x0000000614c00000, 0x0000000614c00000, 0x0000000615000000|  0%| F|  |TAMS 0x0000000614c00000, 0x0000000614c00000| Untracked 
|  69|0x0000000615000000, 0x0000000615000000, 0x0000000615400000|  0%| F|  |TAMS 0x0000000615000000, 0x0000000615000000| Untracked 
|  70|0x0000000615400000, 0x0000000615400000, 0x0000000615800000|  0%| F|  |TAMS 0x0000000615400000, 0x0000000615400000| Untracked 
|  71|0x0000000615800000, 0x0000000615800000, 0x0000000615c00000|  0%| F|  |TAMS 0x0000000615800000, 0x0000000615800000| Untracked 
|  72|0x0000000615c00000, 0x0000000615c00000, 0x0000000616000000|  0%| F|  |TAMS 0x0000000615c00000, 0x0000000615c00000| Untracked 
|  73|0x0000000616000000, 0x0000000616000000, 0x0000000616400000|  0%| F|  |TAMS 0x0000000616000000, 0x0000000616000000| Untracked 
|  74|0x0000000616400000, 0x0000000616400000, 0x0000000616800000|  0%| F|  |TAMS 0x0000000616400000, 0x0000000616400000| Untracked 
|  75|0x0000000616800000, 0x0000000616800000, 0x0000000616c00000|  0%| F|  |TAMS 0x0000000616800000, 0x0000000616800000| Untracked 
|  76|0x0000000616c00000, 0x0000000616c00000, 0x0000000617000000|  0%| F|  |TAMS 0x0000000616c00000, 0x0000000616c00000| Untracked 
|  77|0x0000000617000000, 0x0000000617000000, 0x0000000617400000|  0%| F|  |TAMS 0x0000000617000000, 0x0000000617000000| Untracked 
|  78|0x0000000617400000, 0x0000000617400000, 0x0000000617800000|  0%| F|  |TAMS 0x0000000617400000, 0x0000000617400000| Untracked 
|  79|0x0000000617800000, 0x0000000617800000, 0x0000000617c00000|  0%| F|  |TAMS 0x0000000617800000, 0x0000000617800000| Untracked 
|  80|0x0000000617c00000, 0x0000000617c00000, 0x0000000618000000|  0%| F|  |TAMS 0x0000000617c00000, 0x0000000617c00000| Untracked 
|  81|0x0000000618000000, 0x0000000618000000, 0x0000000618400000|  0%| F|  |TAMS 0x0000000618000000, 0x0000000618000000| Untracked 
|  82|0x0000000618400000, 0x0000000618400000, 0x0000000618800000|  0%| F|  |TAMS 0x0000000618400000, 0x0000000618400000| Untracked 
|  83|0x0000000618800000, 0x0000000618800000, 0x0000000618c00000|  0%| F|  |TAMS 0x0000000618800000, 0x0000000618800000| Untracked 
|  84|0x0000000618c00000, 0x0000000618c00000, 0x0000000619000000|  0%| F|  |TAMS 0x0000000618c00000, 0x0000000618c00000| Untracked 
|  85|0x0000000619000000, 0x0000000619000000, 0x0000000619400000|  0%| F|  |TAMS 0x0000000619000000, 0x0000000619000000| Untracked 
|  86|0x0000000619400000, 0x0000000619400000, 0x0000000619800000|  0%| F|  |TAMS 0x0000000619400000, 0x0000000619400000| Untracked 
|  87|0x0000000619800000, 0x0000000619800000, 0x0000000619c00000|  0%| F|  |TAMS 0x0000000619800000, 0x0000000619800000| Untracked 
|  88|0x0000000619c00000, 0x0000000619c00000, 0x000000061a000000|  0%| F|  |TAMS 0x0000000619c00000, 0x0000000619c00000| Untracked 
|  89|0x000000061a000000, 0x000000061a000000, 0x000000061a400000|  0%| F|  |TAMS 0x000000061a000000, 0x000000061a000000| Untracked 
|  90|0x000000061a400000, 0x000000061a400000, 0x000000061a800000|  0%| F|  |TAMS 0x000000061a400000, 0x000000061a400000| Untracked 
|  91|0x000000061a800000, 0x000000061a800000, 0x000000061ac00000|  0%| F|  |TAMS 0x000000061a800000, 0x000000061a800000| Untracked 
|  92|0x000000061ac00000, 0x000000061ac00000, 0x000000061b000000|  0%| F|  |TAMS 0x000000061ac00000, 0x000000061ac00000| Untracked 
|  93|0x000000061b000000, 0x000000061b000000, 0x000000061b400000|  0%| F|  |TAMS 0x000000061b000000, 0x000000061b000000| Untracked 
|  94|0x000000061b400000, 0x000000061b400000, 0x000000061b800000|  0%| F|  |TAMS 0x000000061b400000, 0x000000061b400000| Untracked 
|  95|0x000000061b800000, 0x000000061b800000, 0x000000061bc00000|  0%| F|  |TAMS 0x000000061b800000, 0x000000061b800000| Untracked 
|  96|0x000000061bc00000, 0x000000061bc00000, 0x000000061c000000|  0%| F|  |TAMS 0x000000061bc00000, 0x000000061bc00000| Untracked 
|  97|0x000000061c000000, 0x000000061c000000, 0x000000061c400000|  0%| F|  |TAMS 0x000000061c000000, 0x000000061c000000| Untracked 
|  98|0x000000061c400000, 0x000000061c400000, 0x000000061c800000|  0%| F|  |TAMS 0x000000061c400000, 0x000000061c400000| Untracked 
|  99|0x000000061c800000, 0x000000061c800000, 0x000000061cc00000|  0%| F|  |TAMS 0x000000061c800000, 0x000000061c800000| Untracked 
| 100|0x000000061cc00000, 0x000000061cc00000, 0x000000061d000000|  0%| F|  |TAMS 0x000000061cc00000, 0x000000061cc00000| Untracked 
| 101|0x000000061d000000, 0x000000061d000000, 0x000000061d400000|  0%| F|  |TAMS 0x000000061d000000, 0x000000061d000000| Untracked 
| 102|0x000000061d400000, 0x000000061d400000, 0x000000061d800000|  0%| F|  |TAMS 0x000000061d400000, 0x000000061d400000| Untracked 
| 103|0x000000061d800000, 0x000000061d800000, 0x000000061dc00000|  0%| F|  |TAMS 0x000000061d800000, 0x000000061d800000| Untracked 
| 104|0x000000061dc00000, 0x000000061dc00000, 0x000000061e000000|  0%| F|  |TAMS 0x000000061dc00000, 0x000000061dc00000| Untracked 
| 105|0x000000061e000000, 0x000000061e000000, 0x000000061e400000|  0%| F|  |TAMS 0x000000061e000000, 0x000000061e000000| Untracked 
| 106|0x000000061e400000, 0x000000061e400000, 0x000000061e800000|  0%| F|  |TAMS 0x000000061e400000, 0x000000061e400000| Untracked 
| 107|0x000000061e800000, 0x000000061e800000, 0x000000061ec00000|  0%| F|  |TAMS 0x000000061e800000, 0x000000061e800000| Untracked 
| 108|0x000000061ec00000, 0x000000061ec00000, 0x000000061f000000|  0%| F|  |TAMS 0x000000061ec00000, 0x000000061ec00000| Untracked 
| 109|0x000000061f000000, 0x000000061f000000, 0x000000061f400000|  0%| F|  |TAMS 0x000000061f000000, 0x000000061f000000| Untracked 
| 110|0x000000061f400000, 0x000000061f400000, 0x000000061f800000|  0%| F|  |TAMS 0x000000061f400000, 0x000000061f400000| Untracked 
| 111|0x000000061f800000, 0x000000061f800000, 0x000000061fc00000|  0%| F|  |TAMS 0x000000061f800000, 0x000000061f800000| Untracked 
| 112|0x000000061fc00000, 0x000000061fc00000, 0x0000000620000000|  0%| F|  |TAMS 0x000000061fc00000, 0x000000061fc00000| Untracked 
| 113|0x0000000620000000, 0x0000000620000000, 0x0000000620400000|  0%| F|  |TAMS 0x0000000620000000, 0x0000000620000000| Untracked 
| 114|0x0000000620400000, 0x0000000620400000, 0x0000000620800000|  0%| F|  |TAMS 0x0000000620400000, 0x0000000620400000| Untracked 
| 115|0x0000000620800000, 0x0000000620800000, 0x0000000620c00000|  0%| F|  |TAMS 0x0000000620800000, 0x0000000620800000| Untracked 
| 116|0x0000000620c00000, 0x0000000620c00000, 0x0000000621000000|  0%| F|  |TAMS 0x0000000620c00000, 0x0000000620c00000| Untracked 
| 117|0x0000000621000000, 0x0000000621000000, 0x0000000621400000|  0%| F|  |TAMS 0x0000000621000000, 0x0000000621000000| Untracked 
| 118|0x0000000621400000, 0x0000000621400000, 0x0000000621800000|  0%| F|  |TAMS 0x0000000621400000, 0x0000000621400000| Untracked 
| 119|0x0000000621800000, 0x0000000621800000, 0x0000000621c00000|  0%| F|  |TAMS 0x0000000621800000, 0x0000000621800000| Untracked 
| 120|0x0000000621c00000, 0x0000000621c00000, 0x0000000622000000|  0%| F|  |TAMS 0x0000000621c00000, 0x0000000621c00000| Untracked 
| 121|0x0000000622000000, 0x0000000622000000, 0x0000000622400000|  0%| F|  |TAMS 0x0000000622000000, 0x0000000622000000| Untracked 
| 122|0x0000000622400000, 0x00000006225c2330, 0x0000000622800000| 43%| S|CS|TAMS 0x0000000622400000, 0x0000000622400000| Complete 
| 123|0x0000000622800000, 0x0000000622800000, 0x0000000622c00000|  0%| F|  |TAMS 0x0000000622800000, 0x0000000622800000| Untracked 
| 124|0x0000000622c00000, 0x0000000622c00000, 0x0000000623000000|  0%| F|  |TAMS 0x0000000622c00000, 0x0000000622c00000| Untracked 
| 125|0x0000000623000000, 0x0000000623000000, 0x0000000623400000|  0%| F|  |TAMS 0x0000000623000000, 0x0000000623000000| Untracked 
| 126|0x0000000623400000, 0x0000000623596168, 0x0000000623800000| 39%| E|  |TAMS 0x0000000623400000, 0x0000000623400000| Complete 
| 127|0x0000000623800000, 0x0000000623c00000, 0x0000000623c00000|100%| E|CS|TAMS 0x0000000623800000, 0x0000000623800000| Complete 

Card table byte_map: [0x000001bf8e930000,0x000001bf8f920000] _byte_map_base: 0x000001bf8b912000

Marking Bits (Prev, Next): (CMBitMap*) 0x000001bf82ad0120, (CMBitMap*) 0x000001bf82ad0160
 Prev Bits: [0x000001bf90910000, 0x000001bf98820000)
 Next Bits: [0x000001bf98820000, 0x000001bfa0730000)

Polling page: 0x000001bf80a20000

Metaspace:

Usage:
  Non-class:     10.43 MB used.
      Class:      1.67 MB used.
       Both:     12.09 MB used.

Virtual space:
  Non-class space:       64.00 MB reserved,      10.56 MB ( 17%) committed,  1 nodes.
      Class space:        1.00 GB reserved,       1.81 MB ( <1%) committed,  1 nodes.
             Both:        1.06 GB reserved,      12.38 MB (  1%) committed. 

Chunk freelists:
   Non-Class:  4.61 MB
       Class:  14.22 MB
        Both:  18.83 MB

MaxMetaspaceSize: unlimited
CompressedClassSpaceSize: 1.00 GB
Initial GC threshold: 21.00 MB
Current GC threshold: 21.00 MB
CDS: on
MetaspaceReclaimPolicy: balanced
 - commit_granule_bytes: 65536.
 - commit_granule_words: 8192.
 - virtual_space_node_default_size: 8388608.
 - enlarge_chunks_in_place: 1.
 - new_chunks_are_fully_committed: 0.
 - uncommit_free_chunks: 1.
 - use_allocation_guard: 0.
 - handle_deallocations: 1.


Internal statistics:

num_allocs_failed_limit: 0.
num_arena_births: 284.
num_arena_deaths: 0.
num_vsnodes_births: 2.
num_vsnodes_deaths: 0.
num_space_committed: 198.
num_space_uncommitted: 0.
num_chunks_returned_to_freelist: 0.
num_chunks_taken_from_freelist: 610.
num_chunk_merges: 0.
num_chunk_splits: 394.
num_chunks_enlarged: 277.
num_inconsistent_stats: 0.

CodeCache: size=49152Kb used=5292Kb max_used=5292Kb free=43859Kb
 bounds [0x000001bf8a2c0000, 0x000001bf8a7f0000, 0x000001bf8d2c0000]
 total_blobs=2123 nmethods=1658 adapters=389
 compilation: disabled (not enough contiguous free space left)
              stopped_count=1, restarted_count=0
 full_count=1

Compilation events (20 events):
Event: 0.508 Thread 0x000001bfa3919d10 1633       1       org.springframework.boot.context.config.ConfigDataEnvironmentContributor$ContributorIterator::fetchIfNecessary (153 bytes)
Event: 0.508 Thread 0x000001bfa3919d10 nmethod 1633 0x000001bf8a7d9910 code [0x000001bf8a7d9b80, 0x000001bf8a7da288]
Event: 0.508 Thread 0x000001bfa3919d10 1635       1       java.util.ImmutableCollections$AbstractImmutableList::<init> (5 bytes)
Event: 0.508 Thread 0x000001bfa3919d10 nmethod 1635 0x000001bf8a7da490 code [0x000001bf8a7da620, 0x000001bf8a7da6d8]
Event: 0.508 Thread 0x000001bfa3919d10 1637       1       jdk.internal.org.objectweb.asm.Frame::setInputFrameFromDescriptor (175 bytes)
Event: 0.508 Thread 0x000001bfa3919d10 nmethod 1637 0x000001bf8a7db090 code [0x000001bf8a7db280, 0x000001bf8a7db818]
Event: 0.509 Thread 0x000001bfa3919740 1642       1       jdk.internal.org.objectweb.asm.MethodWriter::computeAllFrames (510 bytes)
Event: 0.509 Thread 0x000001bfa3919d10 1643       1       jdk.internal.org.objectweb.asm.Type::getArgumentTypes (154 bytes)
Event: 0.509 Thread 0x000001bfa3919170 1646       1       jdk.internal.org.objectweb.asm.FieldWriter::visitEnd (1 bytes)
Event: 0.509 Thread 0x000001bfa09e0330 1644       1       java.lang.invoke.InfoFromMemberName::getName (8 bytes)
Event: 0.509 Thread 0x000001bfa3919170 nmethod 1646 0x000001bf8a7dc190 code [0x000001bf8a7dc320, 0x000001bf8a7dc3d8]
Event: 0.510 Thread 0x000001bfa3919170 1653       1       java.lang.invoke.AbstractValidatingLambdaMetafactory::validateMetafactoryArgs (607 bytes)
Event: 0.510 Thread 0x000001bfa09e0330 nmethod 1644 0x000001bf8a7dc490 code [0x000001bf8a7dc640, 0x000001bf8a7dc7c8]
Event: 0.510 Thread 0x000001bfa09e0330 1655       1       java.lang.invoke.AbstractValidatingLambdaMetafactory::checkDescriptor (133 bytes)
Event: 0.510 Thread 0x000001bfa3919740 nmethod 1642 0x000001bf8a7dc890 code [0x000001bf8a7dcb00, 0x000001bf8a7dd568]
Event: 0.510 Thread 0x000001bfa3919740 1647       1       java.lang.invoke.InnerClassLambdaMetafactory::<init> (258 bytes)
Event: 0.511 Thread 0x000001bfa09e0330 

Event: 0.511 Thread 0x000001bfa3919d10 nmethod 1643 0x000001bf8a7de690 code [0x000001bf8a7de940, 0x000001bf8a7df688]
Event: 0.511 Thread 0x000001bfa3919740 nmethod 1647 0x000001bf8a7e0090 code [0x000001bf8a7e0380, 0x000001bf8a7e14b8]
Event: 0.512 Thread 0x000001bfa3919170 nmethod 1653 0x000001bf8a7e1c90 code [0x000001bf8a7e22e0, 0x000001bf8a7e5ba8]

GC Heap History (4 events):
Event: 0.388 GC heap before
{Heap before GC invocations=0 (full 0):
 garbage-first heap   total 524288K, used 24576K [0x0000000603c00000, 0x0000000800000000)
  region size 4096K, 6 young (24576K), 0 survivors (0K)
 Metaspace       used 7075K, committed 7296K, reserved 1114112K
  class space    used 907K, committed 1024K, reserved 1048576K
}
Event: 0.392 GC heap after
{Heap after GC invocations=1 (full 0):
 garbage-first heap   total 524288K, used 5500K [0x0000000603c00000, 0x0000000800000000)
  region size 4096K, 1 young (4096K), 1 survivors (4096K)
 Metaspace       used 7075K, committed 7296K, reserved 1114112K
  class space    used 907K, committed 1024K, reserved 1048576K
}
Event: 0.578 GC heap before
{Heap before GC invocations=1 (full 0):
 garbage-first heap   total 524288K, used 21884K [0x0000000603c00000, 0x0000000800000000)
  region size 4096K, 6 young (24576K), 1 survivors (4096K)
 Metaspace       used 11159K, committed 11456K, reserved 1114112K
  class space    used 1566K, committed 1728K, reserved 1048576K
}
Event: 0.581 GC heap after
{Heap after GC invocations=2 (full 0):
 garbage-first heap   total 524288K, used 7407K [0x0000000603c00000, 0x0000000800000000)
  region size 4096K, 1 young (4096K), 1 survivors (4096K)
 Metaspace       used 11159K, committed 11456K, reserved 1114112K
  class space    used 1566K, committed 1728K, reserved 1048576K
}

Deoptimization events (0 events):
No events

Classes unloaded (0 events):
No events

Classes redefined (0 events):
No events

Internal exceptions (20 events):
Event: 0.508 Thread 0x000001bfe9657a10 Exception <a 'java/lang/NoSuchMethodError'{0x0000000622c5b640}: 'java.lang.Object java.lang.invoke.Invokers$Holder.linkToTargetMethod(java.lang.Object, java.lang.Object, int, java.lang.Object, java.lang.Object)'> (0x0000000622c5b640) 
thrown [s\open\src\hotspot\share\interpreter\linkResolver.cpp, line 759]
Event: 0.509 Thread 0x000001bfe9657a10 Exception <a 'java/lang/NoSuchMethodError'{0x0000000622cafb88}: 'java.lang.Object java.lang.invoke.DirectMethodHandle$Holder.newInvokeSpecial(java.lang.Object, int, java.lang.Object)'> (0x0000000622cafb88) 
thrown [s\open\src\hotspot\share\interpreter\linkResolver.cpp, line 759]
Event: 0.509 Thread 0x000001bfe9657a10 Exception <a 'java/lang/NoSuchMethodError'{0x0000000622cb3b58}: 'int java.lang.invoke.DirectMethodHandle$Holder.invokeSpecialIFC(java.lang.Object, java.lang.Object, java.lang.Object, java.lang.Object)'> (0x0000000622cb3b58) 
thrown [s\open\src\hotspot\share\interpreter\linkResolver.cpp, line 759]
Event: 0.519 Thread 0x000001bfe9b86420 Exception <a 'java/lang/NoSuchMethodError'{0x0000000622e390c8}: static [B.<clinit>()V> (0x0000000622e390c8) 
thrown [s\open\src\hotspot\share\prims\jni.cpp, line 1107]
Event: 0.520 Thread 0x000001bfe9657a10 Exception <a 'java/lang/NoSuchMethodError'{0x0000000622e10150}: 'void java.lang.invoke.DirectMethodHandle$Holder.invokeInterface(java.lang.Object, java.lang.Object, java.lang.Object)'> (0x0000000622e10150) 
thrown [s\open\src\hotspot\share\interpreter\linkResolver.cpp, line 759]
Event: 0.535 Thread 0x000001bfe9b86420 Exception <a 'java/lang/ClassNotFoundException'{0x0000000622e87310}: javax/management/remote/rmi/RMIConnectionImpl_Skel> (0x0000000622e87310) 
thrown [s\open\src\hotspot\share\classfile\systemDictionary.cpp, line 256]
Event: 0.535 Thread 0x000001bfe9b87d70 Exception <a 'java/lang/NoSuchMethodError'{0x0000000622edcbe8}: 'java.lang.Object java.lang.invoke.Invokers$Holder.linkToTargetMethod(java.lang.Object, long, java.lang.Object)'> (0x0000000622edcbe8) 
thrown [s\open\src\hotspot\share\interpreter\linkResolver.cpp, line 759]
Event: 0.537 Thread 0x000001bfe9657a10 Exception <a 'java/lang/NoSuchMethodError'{0x0000000622f25590}: 'java.lang.Object java.lang.invoke.DirectMethodHandle$Holder.invokeVirtual(java.lang.Object, java.lang.Object, java.lang.Object)'> (0x0000000622f25590) 
thrown [s\open\src\hotspot\share\interpreter\linkResolver.cpp, line 759]
Event: 0.539 Thread 0x000001bfe9b86420 Exception <a 'java/lang/reflect/InvocationTargetException'{0x0000000622f465c8}> (0x0000000622f465c8) 
thrown [s\open\src\hotspot\share\runtime\reflection.cpp, line 1121]
Event: 0.540 Thread 0x000001bfe9b86420 Exception <a 'java/lang/NoSuchMethodError'{0x0000000622fa38b0}: static [Ljava/lang/StackTraceElement;.<clinit>()V> (0x0000000622fa38b0) 
thrown [s\open\src\hotspot\share\prims\jni.cpp, line 1107]
Event: 0.547 Thread 0x000001bfe9657a10 Exception <a 'java/lang/NoSuchMethodError'{0x000000062285cbb0}: 'void java.lang.invoke.DirectMethodHandle$Holder.invokeStatic(java.lang.Object, java.lang.Object, int)'> (0x000000062285cbb0) 
thrown [s\open\src\hotspot\share\interpreter\linkResolver.cpp, line 759]
Event: 0.548 Thread 0x000001bfe9657a10 Exception <a 'java/lang/NoSuchMethodError'{0x0000000622875c10}: 'void java.lang.invoke.DirectMethodHandle$Holder.invokeStaticInit(java.lang.Object, java.lang.Object, java.lang.Object)'> (0x0000000622875c10) 
thrown [s\open\src\hotspot\share\interpreter\linkResolver.cpp, line 759]
Event: 0.551 Thread 0x000001bfe9657a10 Exception <a 'java/lang/NoSuchMethodError'{0x00000006228c54e0}: 'java.lang.Object java.lang.invoke.DirectMethodHandle$Holder.invokeStatic(java.lang.Object, java.lang.Object, long, java.lang.Object)'> (0x00000006228c54e0) 
thrown [s\open\src\hotspot\share\interpreter\linkResolver.cpp, line 759]
Event: 0.551 Thread 0x000001bfe9657a10 Exception <a 'java/lang/NoSuchMethodError'{0x00000006228c8f78}: 'java.lang.Object java.lang.invoke.DirectMethodHandle$Holder.invokeStaticInit(java.lang.Object, java.lang.Object, long, java.lang.Object)'> (0x00000006228c8f78) 
thrown [s\open\src\hotspot\share\interpreter\linkResolver.cpp, line 759]
Event: 0.552 Thread 0x000001bfe9657a10 Exception <a 'java/lang/NoSuchMethodError'{0x00000006228cf588}: 'java.lang.Object java.lang.invoke.DirectMethodHandle$Holder.newInvokeSpecial(java.lang.Object, java.lang.Object, long)'> (0x00000006228cf588) 
thrown [s\open\src\hotspot\share\interpreter\linkResolver.cpp, line 759]
Event: 0.556 Thread 0x000001bfe9657a10 Exception <a 'java/lang/NoSuchMethodError'{0x000000062292c768}: 'void java.lang.invoke.DirectMethodHandle$Holder.invokeSpecial(java.lang.Object, java.lang.Object, java.lang.Object, java.lang.Object, java.lang.Object)'> (0x000000062292c768) 
thrown [s\open\src\hotspot\share\interpreter\linkResolver.cpp, line 759]
Event: 0.556 Thread 0x000001bfe9657a10 Exception <a 'java/lang/NoSuchMethodError'{0x0000000622934cf8}: 'void java.lang.invoke.DirectMethodHandle$Holder.invokeVirtual(java.lang.Object, java.lang.Object, java.lang.Object, java.lang.Object)'> (0x0000000622934cf8) 
thrown [s\open\src\hotspot\share\interpreter\linkResolver.cpp, line 759]
Event: 0.570 Thread 0x000001bfe9657a10 Exception <a 'java/lang/NoSuchMethodError'{0x0000000622a90ea8}: 'void java.lang.invoke.DirectMethodHandle$Holder.invokeSpecial(java.lang.Object, java.lang.Object, java.lang.Object)'> (0x0000000622a90ea8) 
thrown [s\open\src\hotspot\share\interpreter\linkResolver.cpp, line 759]
Event: 0.573 Thread 0x000001bfe9657a10 Exception <a 'java/lang/IncompatibleClassChangeError'{0x0000000622ad3fd0}: Found class java.lang.Object, but interface was expected> (0x0000000622ad3fd0) 
thrown [s\open\src\hotspot\share\interpreter\linkResolver.cpp, line 826]
Event: 0.608 Thread 0x000001bfe9657a10 Exception <a 'java/lang/OutOfMemoryError'{0x00000006234c9318}> (0x00000006234c9318) 
thrown [s\open\src\hotspot\share\prims\jni.cpp, line 535]

VM Operations (20 events):
Event: 0.193 Executing VM operation: HandshakeAllThreads
Event: 0.193 Executing VM operation: HandshakeAllThreads done
Event: 0.239 Executing VM operation: HandshakeAllThreads
Event: 0.239 Executing VM operation: HandshakeAllThreads done
Event: 0.274 Executing VM operation: HandshakeAllThreads
Event: 0.274 Executing VM operation: HandshakeAllThreads done
Event: 0.276 Executing VM operation: HandshakeAllThreads
Event: 0.276 Executing VM operation: HandshakeAllThreads done
Event: 0.388 Executing VM operation: G1CollectForAllocation
Event: 0.392 Executing VM operation: G1CollectForAllocation done
Event: 0.418 Executing VM operation: HandshakeAllThreads
Event: 0.418 Executing VM operation: HandshakeAllThreads done
Event: 0.500 Executing VM operation: HandshakeAllThreads
Event: 0.500 Executing VM operation: HandshakeAllThreads done
Event: 0.534 Executing VM operation: HandshakeAllThreads
Event: 0.534 Executing VM operation: HandshakeAllThreads done
Event: 0.569 Executing VM operation: HandshakeAllThreads
Event: 0.569 Executing VM operation: HandshakeAllThreads done
Event: 0.577 Executing VM operation: G1CollectForAllocation
Event: 0.581 Executing VM operation: G1CollectForAllocation done

Events (20 events):
Event: 0.561 loading class java/util/Stack done
Event: 0.561 loading class java/util/Vector$Itr
Event: 0.561 loading class java/util/Vector$Itr done
Event: 0.572 Thread 0x000001bfe9b891b0 Thread added: 0x000001bfe9b891b0
Event: 0.577 loading class java/lang/AssertionError
Event: 0.577 loading class java/lang/AssertionError done
Event: 0.588 loading class java/util/regex/PatternSyntaxException
Event: 0.588 loading class java/util/regex/PatternSyntaxException done
Event: 0.588 loading class javax/xml/stream/XMLStreamException
Event: 0.588 loading class javax/xml/stream/XMLStreamException done
Event: 0.594 loading class org/xml/sax/SAXException
Event: 0.594 loading class org/xml/sax/SAXException done
Event: 0.594 loading class javax/xml/transform/Source
Event: 0.594 loading class javax/xml/transform/Source done
Event: 0.595 loading class java/io/NotSerializableException
Event: 0.595 loading class java/io/ObjectStreamException
Event: 0.595 loading class java/io/ObjectStreamException done
Event: 0.595 loading class java/io/NotSerializableException done
Event: 0.604 loading class java/lang/reflect/AnnotatedType
Event: 0.604 loading class java/lang/reflect/AnnotatedType done


Dynamic libraries:
0x00007ff7b6fb0000 - 0x00007ff7b6fc0000 	C:\Program Files\Java\jdk-17\bin\javaw.exe
0x00007ffb358f0000 - 0x00007ffb35b07000 	C:\Windows\SYSTEM32\ntdll.dll
0x00007ffb341f0000 - 0x00007ffb342b4000 	C:\Windows\System32\KERNEL32.DLL
0x00007ffb32fb0000 - 0x00007ffb33382000 	C:\Windows\System32\KERNELBASE.dll
0x00007ffb32a70000 - 0x00007ffb32b81000 	C:\Windows\System32\ucrtbase.dll
0x00007ffb0d440000 - 0x00007ffb0d459000 	C:\Program Files\Java\jdk-17\bin\jli.dll
0x00007ffb1b9c0000 - 0x00007ffb1b9db000 	C:\Program Files\Java\jdk-17\bin\VCRUNTIME140.dll
0x00007ffb339d0000 - 0x00007ffb33a81000 	C:\Windows\System32\ADVAPI32.dll
0x00007ffb342c0000 - 0x00007ffb34367000 	C:\Windows\System32\msvcrt.dll
0x00007ffb34c90000 - 0x00007ffb34d38000 	C:\Windows\System32\sechost.dll
0x00007ffb32e10000 - 0x00007ffb32e38000 	C:\Windows\System32\bcrypt.dll
0x00007ffb35700000 - 0x00007ffb35817000 	C:\Windows\System32\RPCRT4.dll
0x00007ffb33c80000 - 0x00007ffb33e31000 	C:\Windows\System32\USER32.dll
0x00007ffb23c40000 - 0x00007ffb23edb000 	C:\Windows\WinSxS\amd64_microsoft.windows.common-controls_6595b64144ccf1df_6.0.22621.5697_none_27154c497380d676\COMCTL32.dll
0x00007ffb32b90000 - 0x00007ffb32bb6000 	C:\Windows\System32\win32u.dll
0x00007ffb335c0000 - 0x00007ffb335e9000 	C:\Windows\System32\GDI32.dll
0x00007ffb32c40000 - 0x00007ffb32d63000 	C:\Windows\System32\gdi32full.dll
0x00007ffb23070000 - 0x00007ffb2307a000 	C:\Windows\SYSTEM32\VERSION.dll
0x00007ffb32d70000 - 0x00007ffb32e0a000 	C:\Windows\System32\msvcp_win.dll
0x00007ffb33c40000 - 0x00007ffb33c71000 	C:\Windows\System32\IMM32.DLL
0x00007ffb2e240000 - 0x00007ffb2e24c000 	C:\Program Files\Java\jdk-17\bin\vcruntime140_1.dll
0x00007ffb01cc0000 - 0x00007ffb01d4e000 	C:\Program Files\Java\jdk-17\bin\msvcp140.dll
0x00007ffa9bd40000 - 0x00007ffa9c91f000 	C:\Program Files\Java\jdk-17\bin\server\jvm.dll
0x00007ffb33bb0000 - 0x00007ffb33bb8000 	C:\Windows\System32\PSAPI.DLL
0x00007ffb285f0000 - 0x00007ffb28624000 	C:\Windows\SYSTEM32\WINMM.dll
0x00007ffb17d20000 - 0x00007ffb17d29000 	C:\Windows\SYSTEM32\WSOCK32.dll
0x00007ffb33bc0000 - 0x00007ffb33c31000 	C:\Windows\System32\WS2_32.dll
0x00007ffb31950000 - 0x00007ffb31968000 	C:\Windows\SYSTEM32\kernel.appcore.dll
0x00007ffb1a0c0000 - 0x00007ffb1a0ca000 	C:\Program Files\Java\jdk-17\bin\jimage.dll
0x00007ffb24300000 - 0x00007ffb24533000 	C:\Windows\SYSTEM32\DBGHELP.DLL
0x00007ffb33e50000 - 0x00007ffb341e2000 	C:\Windows\System32\combase.dll
0x00007ffb354e0000 - 0x00007ffb355b8000 	C:\Windows\System32\OLEAUT32.dll
0x00007ffb23860000 - 0x00007ffb23892000 	C:\Windows\SYSTEM32\dbgcore.DLL
0x00007ffb32bc0000 - 0x00007ffb32c3b000 	C:\Windows\System32\bcryptPrimitives.dll
0x00007ffb0cd10000 - 0x00007ffb0cd35000 	C:\Program Files\Java\jdk-17\bin\java.dll
0x00007ffb01a70000 - 0x00007ffb01b47000 	C:\Program Files\Java\jdk-17\bin\jsvml.dll
0x00007ffb343e0000 - 0x00007ffb34c81000 	C:\Windows\System32\SHELL32.dll
0x00007ffb33410000 - 0x00007ffb3354f000 	C:\Windows\System32\wintypes.dll
0x00007ffb306c0000 - 0x00007ffb30fda000 	C:\Windows\SYSTEM32\windows.storage.dll
0x00007ffb33aa0000 - 0x00007ffb33bab000 	C:\Windows\System32\SHCORE.dll
0x00007ffb33550000 - 0x00007ffb335b9000 	C:\Windows\System32\shlwapi.dll
0x00007ffb328e0000 - 0x00007ffb3290b000 	C:\Windows\SYSTEM32\profapi.dll
0x00007ffb0c7f0000 - 0x00007ffb0c809000 	C:\Program Files\Java\jdk-17\bin\net.dll
0x00007ffb2e650000 - 0x00007ffb2e77c000 	C:\Windows\SYSTEM32\WINHTTP.dll
0x00007ffb31e90000 - 0x00007ffb31ef9000 	C:\Windows\system32\mswsock.dll
0x00007ffb0c7d0000 - 0x00007ffb0c7e6000 	C:\Program Files\Java\jdk-17\bin\nio.dll
0x00007ffb04970000 - 0x00007ffb04988000 	C:\Program Files\Java\jdk-17\bin\zip.dll
0x00007ffb2e230000 - 0x00007ffb2e23a000 	C:\Program Files\Java\jdk-17\bin\management.dll
0x00007ffb2dcf0000 - 0x00007ffb2dcfb000 	C:\Program Files\Java\jdk-17\bin\management_ext.dll
0x00007ffb190d0000 - 0x00007ffb190e7000 	C:\Windows\system32\napinsp.dll
0x00007ffb17c50000 - 0x00007ffb17c6b000 	C:\Windows\system32\pnrpnsp.dll
0x00007ffb31210000 - 0x00007ffb31308000 	C:\Windows\SYSTEM32\DNSAPI.dll
0x00007ffb311b0000 - 0x00007ffb311dd000 	C:\Windows\SYSTEM32\IPHLPAPI.DLL
0x00007ffb33e40000 - 0x00007ffb33e49000 	C:\Windows\System32\NSI.dll
0x00007ffb17f70000 - 0x00007ffb17f81000 	C:\Windows\System32\winrnr.dll
0x00007ffb2b4e0000 - 0x00007ffb2b4ff000 	C:\Windows\system32\wshbth.dll
0x00007ffb17ed0000 - 0x00007ffb17ef1000 	C:\Windows\system32\nlansp_c.dll
0x00007ffb2b930000 - 0x00007ffb2b93a000 	C:\Windows\System32\rasadhlp.dll
0x00007ffb2f250000 - 0x00007ffb2f2d4000 	C:\Windows\System32\fwpuclnt.dll
0x00007ffb32250000 - 0x00007ffb3226b000 	C:\Windows\SYSTEM32\CRYPTSP.dll
0x00007ffb318b0000 - 0x00007ffb318e7000 	C:\Windows\system32\rsaenh.dll
0x00007ffb31fa0000 - 0x00007ffb31fc8000 	C:\Windows\SYSTEM32\USERENV.dll
0x00007ffb32230000 - 0x00007ffb3223c000 	C:\Windows\SYSTEM32\CRYPTBASE.dll
0x00007ffb2eee0000 - 0x00007ffb2eef9000 	C:\Windows\SYSTEM32\dhcpcsvc6.DLL
0x00007ffb2ee50000 - 0x00007ffb2ee6f000 	C:\Windows\SYSTEM32\dhcpcsvc.DLL

dbghelp: loaded successfully - version: 4.0.5 - missing functions: none
symbol engine: initialized successfully - sym options: 0x614 - pdb path: .;C:\Program Files\Java\jdk-17\bin;C:\Windows\SYSTEM32;C:\Windows\WinSxS\amd64_microsoft.windows.common-controls_6595b64144ccf1df_6.0.22621.5697_none_27154c497380d676;C:\Program Files\Java\jdk-17\bin\server

VM Arguments:
jvm_args: -Dcom.sun.management.jmxremote -Dcom.sun.management.jmxremote.port=62031 -Dcom.sun.management.jmxremote.authenticate=false -Dcom.sun.management.jmxremote.ssl=false -Djava.rmi.server.hostname=localhost -Dspring.jmx.enabled=true -Dmanagement.endpoints.jmx.exposure.include=* -Dspring.application.admin.enabled=true -Dspring.output.ansi.enabled=always -XX:TieredStopAtLevel=1 -Dspring.boot.project.name=AurusDataSyncHub -Dfile.encoding=UTF-8 -Dstdout.encoding=UTF-8 -Dstderr.encoding=UTF-8 -XX:+ShowCodeDetailsInExceptionMessages 
java_command: com.auruspay.AurusDataSyncHubApplication
java_class_path (initial): C:\Users\nkharose\Videos\AurusDataSyncHub\target\classes;C:\Users\nkharose\.m2\repository\org\springframework\boot\spring-boot-starter-web\3.2.5\spring-boot-starter-web-3.2.5.jar;C:\Users\nkharose\.m2\repository\org\springframework\boot\spring-boot-starter\3.2.5\spring-boot-starter-3.2.5.jar;C:\Users\nkharose\.m2\repository\org\springframework\boot\spring-boot-starter-logging\3.2.5\spring-boot-starter-logging-3.2.5.jar;C:\Users\nkharose\.m2\repository\ch\qos\logback\logback-classic\1.4.14\logback-classic-1.4.14.jar;C:\Users\nkharose\.m2\repository\ch\qos\logback\logback-core\1.4.14\logback-core-1.4.14.jar;C:\Users\nkharose\.m2\repository\org\apache\logging\log4j\log4j-to-slf4j\2.21.1\log4j-to-slf4j-2.21.1.jar;C:\Users\nkharose\.m2\repository\org\apache\logging\log4j\log4j-api\2.21.1\log4j-api-2.21.1.jar;C:\Users\nkharose\.m2\repository\org\slf4j\jul-to-slf4j\2.0.13\jul-to-slf4j-2.0.13.jar;C:\Users\nkharose\.m2\repository\jakarta\annotation\jakarta.annotation-api\2.1.1\jakarta.annotation-api-2.1.1.jar;C:\Users\nkharose\.m2\repository\org\yaml\snakeyaml\2.2\snakeyaml-2.2.jar;C:\Users\nkharose\.m2\repository\org\springframework\boot\spring-boot-starter-json\3.2.5\spring-boot-starter-json-3.2.5.jar;C:\Users\nkharose\.m2\repository\com\fasterxml\jackson\datatype\jackson-datatype-jdk8\2.15.4\jackson-datatype-jdk8-2.15.4.jar;C:\Users\nkharose\.m2\repository\com\fasterxml\jackson\datatype\jackson-datatype-jsr310\2.15.4\jackson-datatype-jsr310-2.15.4.jar;C:\Users\nkharose\.m2\repository\com\fasterxml\jackson\module\jackson-module-parameter-names\2.15.4\jackson-module-parameter-names-2.15.4.jar;C:\Users\nkharose\.m2\repository\org\springframework\boot\spring-boot-starter-tomcat\3.2.5\spring-boot-starter-tomcat-3.2.5.jar;C:\Users\nkharose\.m2\repository\org\apache\tomcat\embed\tomcat-embed-core\10.1.20\tomcat-embed-core-10.1.20.jar;C:\Users\nkharose\.m2\repository\org\apache\tomcat\embed\tomcat-embed-websocket\10.1.20\tomcat-embed-websocket-10.1.20
Launcher Type: SUN_STANDARD

[Global flags]
     intx CICompilerCount                          = 12                                        {product} {ergonomic}
     uint ConcGCThreads                            = 3                                         {product} {ergonomic}
     uint G1ConcRefinementThreads                  = 13                                        {product} {ergonomic}
   size_t G1HeapRegionSize                         = 4194304                                   {product} {ergonomic}
    uintx GCDrainStackTargetSize                   = 64                                        {product} {ergonomic}
   size_t InitialHeapSize                          = 536870912                                 {product} {ergonomic}
     bool ManagementServer                         = true                                      {product} {command line}
   size_t MarkStackSize                            = 4194304                                   {product} {ergonomic}
   size_t MaxHeapSize                              = 8527020032                                {product} {ergonomic}
   size_t MaxNewSize                               = 5112856576                                {product} {ergonomic}
   size_t MinHeapDeltaBytes                        = 4194304                                   {product} {ergonomic}
   size_t MinHeapSize                              = 8388608                                   {product} {ergonomic}
    uintx NonProfiledCodeHeapSize                  = 0                                      {pd product} {ergonomic}
     bool ProfileInterpreter                       = false                                  {pd product} {command line}
    uintx ProfiledCodeHeapSize                     = 0                                      {pd product} {ergonomic}
     bool ShowCodeDetailsInExceptionMessages       = true                                   {manageable} {command line}
   size_t SoftMaxHeapSize                          = 8527020032                             {manageable} {ergonomic}
     intx TieredStopAtLevel                        = 1                                         {product} {command line}
     bool UseCompressedClassPointers               = true                           {product lp64_product} {ergonomic}
     bool UseCompressedOops                        = true                           {product lp64_product} {ergonomic}
     bool UseG1GC                                  = true                                      {product} {ergonomic}
     bool UseLargePagesIndividualAllocation        = false                                  {pd product} {ergonomic}

Logging:
Log output configuration:
 #0: stdout all=warning uptime,level,tags
 #1: stderr all=off uptime,level,tags

Environment Variables:
PATH=C:/Users/nkharose/Music/sts-5.0.0.RELEASE//plugins/org.eclipse.justj.openjdk.hotspot.jre.full.win32.x86_64_25.0.1.v20251108-1451/jre/bin/server;C:/Users/nkharose/Music/sts-5.0.0.RELEASE//plugins/org.eclipse.justj.openjdk.hotspot.jre.full.win32.x86_64_25.0.1.v20251108-1451/jre/bin;C:\Program Files\Common Files\Oracle\Java\javapath;C:\Windows\system32;C:\Windows;C:\Windows\System32\Wbem;C:\Windows\System32\WindowsPowerShell\v1.0\;C:\Windows\System32\OpenSSH\;C:\Program Files\Git\cmd;C:\Program Files\PuTTY\;C:\Program Files (x86)\Kaspersky Lab\KES.12.10.0\;C:\Program Files\dotnet\;C:\Program Files\nodejs\;C:\Program Files\Docker\Docker\resources\bin;C:\apache-maven-3.9.15\bin;C:\Program Files\Common Files\Oracle\Java\javapath;C:\Windows\system32;C:\Windows;C:\Windows\System32\Wbem;C:\Windows\System32\WindowsPowerShell\v1.0\;C:\Windows\System32\OpenSSH\;C:\Program Files\Git\cmd;C:\Program Files\PuTTY\;C:\Program Files (x86)\Kaspersky Lab\KES.12.10.0\;C:\Program Files\dotnet\;C:\Program Files\nodejs\;C:\Program Files\Docker\Docker\resources\bin;C:\Users\nkharose\AppData\Local\Programs\Microsoft VS Code\bin;C:\Users\nkharose\AppData\Local\Python\bin;C:\Users\nkharose\Music\sts-5.0.0.RELEASE;
USERNAME=nkharose
OS=Windows_NT
PROCESSOR_IDENTIFIER=Intel64 Family 6 Model 154 Stepping 3, GenuineIntel



---------------  S Y S T E M  ---------------

OS:
 Windows 11 , 64 bit Build 22621 (10.0.22621.5415)
OS uptime: 8 days 10:02 hours
Hyper-V role detected

CPU: total 16 (initial active 16) (8 cores per cpu, 2 threads per core) family 6 model 154 stepping 3 microcode 0x419, cx8, cmov, fxsr, ht, mmx, 3dnowpref, sse, sse2, sse3, ssse3, sse4.1, sse4.2, popcnt, lzcnt, tsc, tscinvbit, avx, avx2, aes, erms, clmul, bmi1, bmi2, adx, sha, fma, vzeroupper, clflush, clflushopt, clwb, hv

Memory: 4k page, system-wide physical 32512M (1633M free)
TotalPageFile size 58166M (AvailPageFile size 0M)
current process WorkingSet (physical memory assigned to process): 97M, peak: 97M
current process commit charge ("private bytes"): 643M, peak: 643M

vm_info: Java HotSpot(TM) 64-Bit Server VM (17.0.10+11-LTS-240) for windows-amd64 JRE (17.0.10+11-LTS-240), built on Dec 19 2023 21:47:25 by "mach5one" with MS VC++ 17.1 (VS2022)

END.
